{
  "version": "1.5.0",
  "plugins_used": [
    {
      "name": "ArtifactoryDetector"
    },
    {
      "name": "AWSKeyDetector"
    },
    {
      "name": "AzureStorageKeyDetector"
    },
    {
      "name": "Base64HighEntropyString",
      "limit": 4.5
    },
    {
      "name": "BasicAuthDetector"
    },
    {
      "name": "CloudantDetector"
    },
    {
      "name": "DiscordBotTokenDetector"
    },
    {
      "name": "GitHubTokenDetector"
    },
    {
      "name": "GitLabTokenDetector"
    },
    {
      "name": "HexHighEntropyString",
      "limit": 3.0
    },
    {
      "name": "IbmCloudIamDetector"
    },
    {
      "name": "IbmCosHmacDetector"
    },
    {
      "name": "IPPublicDetector"
    },
    {
      "name": "JwtTokenDetector"
    },
    {
      "name": "KeywordDetector",
      "keyword_exclude": ""
    },
    {
      "name": "MailchimpDetector"
    },
    {
      "name": "NpmDetector"
    },
    {
      "name": "OpenAIDetector"
    },
    {
      "name": "PrivateKeyDetector"
    },
    {
      "name": "PypiTokenDetector"
    },
    {
      "name": "SendGridDetector"
    },
    {
      "name": "SlackDetector"
    },
    {
      "name": "SoftlayerDetector"
    },
    {
      "name": "SquareOAuthDetector"
    },
    {
      "name": "StripeDetector"
    },
    {
      "name": "TelegramBotTokenDetector"
    },
    {
      "name": "TwilioKeyDetector"
    }
  ],
  "filters_used": [
    {
      "path": "detect_secrets.filters.allowlist.is_line_allowlisted"
    },
    {
      "path": "detect_secrets.filters.common.is_ignored_due_to_verification_policies",
      "min_level": 2
    },
    {
      "path": "detect_secrets.filters.heuristic.is_indirect_reference"
    },
    {
      "path": "detect_secrets.filters.heuristic.is_likely_id_string"
    },
    {
      "path": "detect_secrets.filters.heuristic.is_lock_file"
    },
    {
      "path": "detect_secrets.filters.heuristic.is_not_alphanumeric_string"
    },
    {
      "path": "detect_secrets.filters.heuristic.is_potential_uuid"
    },
    {
      "path": "detect_secrets.filters.heuristic.is_prefixed_with_dollar_sign"
    },
    {
      "path": "detect_secrets.filters.heuristic.is_sequential_string"
    },
    {
      "path": "detect_secrets.filters.heuristic.is_swagger_file"
    },
    {
      "path": "detect_secrets.filters.heuristic.is_templated_secret"
    }
  ],
  "results": {
    ".env.example": [
      {
        "type": "Basic Auth Credentials",
        "filename": ".env.example",
        "hashed_secret": "2ec59c17ed083d5806d9d0166199cce078ecff8e",
        "is_verified": false,
        "line_number": 12
      }
    ],
    ".secrets.baseline": [
      {
        "type": "Hex High Entropy String",
        "filename": ".secrets.baseline",
        "hashed_secret": "9a81c375c15334d7741a14e7b12da074dcbbab86",
        "is_verified": false,
        "line_number": 130
      },
      {
        "type": "Secret Keyword",
        "filename": ".secrets.baseline",
        "hashed_secret": "9a81c375c15334d7741a14e7b12da074dcbbab86",
        "is_verified": false,
        "line_number": 130
      },
      {
        "type": "Hex High Entropy String",
        "filename": ".secrets.baseline",
        "hashed_secret": "300ac668c782c666a9de0f2ccb59cea082255b5d",
        "is_verified": false,
        "line_number": 139
      },
      {
        "type": "Secret Keyword",
        "filename": ".secrets.baseline",
        "hashed_secret": "300ac668c782c666a9de0f2ccb59cea082255b5d",
        "is_verified": false,
        "line_number": 139
      },
      {
        "type": "Hex High Entropy String",
        "filename": ".secrets.baseline",
        "hashed_secret": "0d8f17abf0dd2d66e73e0aaff45da817d485d377",
        "is_verified": false,
        "line_number": 148
      },
      {
        "type": "Secret Keyword",
        "filename": ".secrets.baseline",
        "hashed_secret": "0d8f17abf0dd2d66e73e0aaff45da817d485d377",
        "is_verified": false,
        "line_number": 148
      },
      {
        "type": "Hex High Entropy String",
        "filename": ".secrets.baseline",
        "hashed_secret": "ec3f3f87ca22bd6c8a3755fdd4413777e448779b",
        "is_verified": false,
        "line_number": 157
      },
      {
        "type": "Secret Keyword",
        "filename": ".secrets.baseline",
        "hashed_secret": "ec3f3f87ca22bd6c8a3755fdd4413777e448779b",
        "is_verified": false,
        "line_number": 157
      },
      {
        "type": "Hex High Entropy String",
        "filename": ".secrets.baseline",
        "hashed_secret": "fa42c8f17c929429f9035cab8962d8bdec551b11",
        "is_verified": false,
        "line_number": 166
      },
      {
        "type": "Secret Keyword",
        "filename": ".secrets.baseline",
        "hashed_secret": "fa42c8f17c929429f9035cab8962d8bdec551b11",
        "is_verified": false,
        "line_number": 166
      },
      {
        "type": "Hex High Entropy String",
        "filename": ".secrets.baseline",
        "hashed_secret": "a8be568fa926ed385472cd1f4cb7fe6a7f801666",
        "is_verified": false,
        "line_number": 175
      },
      {
        "type": "Secret Keyword",
        "filename": ".secrets.baseline",
        "hashed_secret": "a8be568fa926ed385472cd1f4cb7fe6a7f801666",
        "is_verified": false,
        "line_number": 175
      },
      {
        "type": "Hex High Entropy String",
        "filename": ".secrets.baseline",
        "hashed_secret": "79267e8cd8e1af6bf7859d3fbca5068e6f4129c4",
        "is_verified": false,
        "line_number": 184
      },
      {
        "type": "Secret Keyword",
        "filename": ".secrets.baseline",
        "hashed_secret": "79267e8cd8e1af6bf7859d3fbca5068e6f4129c4",
        "is_verified": false,
        "line_number": 184
      },
      {
        "type": "Hex High Entropy String",
        "filename": ".secrets.baseline",
        "hashed_secret": "0cfbec1d5faef35c0ffa1071415721c5a9720e4c",
        "is_verified": false,
        "line_number": 193
      },
      {
        "type": "Secret Keyword",
        "filename": ".secrets.baseline",
        "hashed_secret": "0cfbec1d5faef35c0ffa1071415721c5a9720e4c",
        "is_verified": false,
        "line_number": 193
      },
      {
        "type": "Hex High Entropy String",
        "filename": ".secrets.baseline",
        "hashed_secret": "326124e49ab5075318e902707d55383450767517",
        "is_verified": false,
        "line_number": 202
      },
      {
        "type": "Secret Keyword",
        "filename": ".secrets.baseline",
        "hashed_secret": "326124e49ab5075318e902707d55383450767517",
        "is_verified": false,
        "line_number": 202
      },
      {
        "type": "Hex High Entropy String",
        "filename": ".secrets.baseline",
        "hashed_secret": "9c930c1ae71bd5a67bdc3fbc2107ffba643a497e",
        "is_verified": false,
        "line_number": 211
      },
      {
        "type": "Secret Keyword",
        "filename": ".secrets.baseline",
        "hashed_secret": "9c930c1ae71bd5a67bdc3fbc2107ffba643a497e",
        "is_verified": false,
        "line_number": 211
      },
      {
        "type": "Hex High Entropy String",
        "filename": ".secrets.baseline",
        "hashed_secret": "5869f1bb5a4b1f80f69f82ace118db153f5ca1d4",
        "is_verified": false,
        "line_number": 220
      },
      {
        "type": "Secret Keyword",
        "filename": ".secrets.baseline",
        "hashed_secret": "5869f1bb5a4b1f80f69f82ace118db153f5ca1d4",
        "is_verified": false,
        "line_number": 220
      }
    ],
    "platform/backend/alembic.ini": [
      {
        "type": "Basic Auth Credentials",
        "filename": "platform/backend/alembic.ini",
        "hashed_secret": "9d4e1e23bd5b727046a9e3b4b7db57bd8d6ee684",
        "is_verified": false,
        "line_number": 6
      }
    ],
    "platform/backend/alembic/versions/a7b8c9d0e1f2_seismic_barrios_citizen.py": [
      {
        "type": "Hex High Entropy String",
        "filename": "platform/backend/alembic/versions/a7b8c9d0e1f2_seismic_barrios_citizen.py",
        "hashed_secret": "84fd72911f75338c519968102b65251177d6c5f1",
        "is_verified": false,
        "line_number": 13
      }
    ],
    "platform/backend/alembic/versions/b3c4d5e6f7a8_mesh_quadrants.py": [
      {
        "type": "Hex High Entropy String",
        "filename": "platform/backend/alembic/versions/b3c4d5e6f7a8_mesh_quadrants.py",
        "hashed_secret": "e4524b9664eda0e2f847a49e46e5b226fc2245d9",
        "is_verified": false,
        "line_number": 14
      }
    ],
    "platform/backend/alembic/versions/b791d657baae_initial_schema.py": [
      {
        "type": "Hex High Entropy String",
        "filename": "platform/backend/alembic/versions/b791d657baae_initial_schema.py",
        "hashed_secret": "56e5f2e78d154eef570879ac9dd76e997c07ae18",
        "is_verified": false,
        "line_number": 15
      }
    ],
    "platform/backend/alembic/versions/c2f3a8d1e9bb_rain_monitor.py": [
      {
        "type": "Hex High Entropy String",
        "filename": "platform/backend/alembic/versions/c2f3a8d1e9bb_rain_monitor.py",
        "hashed_secret": "152f3a13ec0742be8ea30551dcdde59b78ac4476",
        "is_verified": false,
        "line_number": 13
      }
    ],
    "platform/backend/alembic/versions/c4d5e6f7a8b9_safe_zones.py": [
      {
        "type": "Hex High Entropy String",
        "filename": "platform/backend/alembic/versions/c4d5e6f7a8b9_safe_zones.py",
        "hashed_secret": "ceeb46597b474a1b71d009d35dbe2782f54ebe5c",
        "is_verified": false,
        "line_number": 13
      }
    ],
    "platform/backend/alembic/versions/d5e6f7a8b9c0_landslide_is_synthetic.py": [
      {
        "type": "Hex High Entropy String",
        "filename": "platform/backend/alembic/versions/d5e6f7a8b9c0_landslide_is_synthetic.py",
        "hashed_secret": "798f15d7097473291bfe213f0b07b3adde1730ce",
        "is_verified": false,
        "line_number": 18
      }
    ],
    "platform/backend/alembic/versions/e5f6a7b8c9d0_risk_explanations.py": [
      {
        "type": "Hex High Entropy String",
        "filename": "platform/backend/alembic/versions/e5f6a7b8c9d0_risk_explanations.py",
        "hashed_secret": "5b8b7a611fb4d5665c9e428bee5e92a383344fd4",
        "is_verified": false,
        "line_number": 13
      }
    ],
    "platform/backend/alembic/versions/e6f7a8b9c0d1_audit_log.py": [
      {
        "type": "Hex High Entropy String",
        "filename": "platform/backend/alembic/versions/e6f7a8b9c0d1_audit_log.py",
        "hashed_secret": "378e0c51318a18dd4142048cd4ddfed3dc741705",
        "is_verified": false,
        "line_number": 13
      }
    ],
    "platform/backend/alembic/versions/f1a2b3c4d5e6_risk_explanation_json.py": [
      {
        "type": "Hex High Entropy String",
        "filename": "platform/backend/alembic/versions/f1a2b3c4d5e6_risk_explanation_json.py",
        "hashed_secret": "2d40811ded1703d949aca3c40d77175a5c568c05",
        "is_verified": false,
        "line_number": 14
      }
    ]
  },
  "generated_at": "2026-07-11T04:56:45Z"
}
